2+3+5 ANAMI
 7+1   ANA 
  1     A  
 13+   ANA 
17+19 ANAMI
