2+3+5+ ANAMIA
 7+11   ANAM 
  13     AN  
  17     AN  
 19+2   ANAM 
3+29+3 ANAMIA
