2+3+5+7 ANAMIAN
 11+13   ANAMI 
  17+     ANA  
   1       A   
  9+2     ANA  
 3+29+   ANAMI 
31+37+4 ANAMIAN
