2+3+5+7+1 ANAMIANAM
 1+13+17   ANAMIAN 
  19+23     ANAMI  
   29+       ANA   
    3         A    
   1+3       ANA   
  7+41+     ANAMI  
 43+47+5   ANAMIAN 
3+59+61+6 ANAMIANAM
