  Rank | Name   | English | Math | Science | Total Marks  
----------------------------------------------------------
  1    | David  | 74      | 96   | 88      | 258          
  2    | Dwayne | 90      | 70   | 85      | 245          
