  Rank | Name     | English | Math | Science | Total Marks  
------------------------------------------------------------
  1    | Khadijah | 95      | 100  | 93      | 288          
  2    | Mohammad | 90      | 98   | 92      | 280          
  3    | Jules    | 74      | 96   | 88      | 258          
  4    | Dana     | 75      | 90   | 88      | 253          
  5    | Kim      | 90      | 80   | 75      | 245          
  6    | Riley    | 70      | 70   | 71      | 211          
  7    | David    | 85      | 50   | 65      | 200          
  8    | Dwayne   | 70      | 40   | 45      | 155          
  9    | Atlas    | 12      | 31   | 44      | 87           
