  Rank | Name     | English | Math | Science | Total Marks  
------------------------------------------------------------
  1    | Khadijah | 95      | 100  | 93      | 288          
  2    | Mohammad | 90      | 98   | 92      | 280          
  3    | Jules    | 74      | 96   | 88      | 258          
  4    | Dana     | 75      | 90   | 87      | 252          
  5    | Kim      | 87      | 80   | 75      | 242          
  6    | Riley    | 69      | 70   | 71      | 210          
  7    | David    | 85      | 50   | 65      | 200          
  8    | Dwayne   | 70      | 15   | 45      | 130          
  9    | Atlas    | 12      | 31   | 44      | 87           
