  Rank | Name     | English | Math | Science | Total Marks  
------------------------------------------------------------
  1    | Dwayne   | 70      | 40   | 45      | 155          
  2    | Jules    | 74      | 96   | 88      | 258          
  3    | David    | 90      | 50   | 65      | 205          
  4    | Khadijah | 95      | 100  | 93      | 288          
